INFO:     Started server process [2753]
INFO:     Waiting for application startup.
INFO:     Application startup complete.
INFO:     Uvicorn running on http://127.0.0.1:8000 (Press CTRL+C to quit)
Pomyślnie zainicjalizowano Supabase w backendzie.
INFO:     127.0.0.1:51190 - "POST /api/source/camera-dual?camera_index_a=1&camera_index_b=0 HTTP/1.1" 200 OK
INFO:     127.0.0.1:51191 - "GET /video_feed_dual HTTP/1.1" 200 OK
INFO:     Shutting down
INFO:     Waiting for background tasks to complete. (CTRL+C to force quit)
2026-06-03 14:40:34.445 Python[2753:48812] WARNING: AVCaptureDeviceTypeExternal is deprecated for Continuity Cameras. Please use AVCaptureDeviceTypeContinuityCamera and add NSCameraUseContinuityCameraDeviceType to your Info.plist.
WARNING: All log messages before absl::InitializeLog() is called are written to STDERR
I0000 00:00:1780490436.166006   48812 gl_context.cc:369] GL version: 2.1 (2.1 Metal - 89.4), renderer: Apple M4
INFO: Created TensorFlow Lite XNNPACK delegate for CPU.
I0000 00:00:1780490436.172256   48812 gl_context.cc:369] GL version: 2.1 (2.1 Metal - 89.4), renderer: Apple M4
W0000 00:00:1780490436.227046   48925 inference_feedback_manager.cc:114] Feedback manager requires a model with a single signature inference. Disabling support for feedback tensors.
W0000 00:00:1780490436.228946   48935 inference_feedback_manager.cc:114] Feedback manager requires a model with a single signature inference. Disabling support for feedback tensors.
W0000 00:00:1780490436.240563   48928 inference_feedback_manager.cc:114] Feedback manager requires a model with a single signature inference. Disabling support for feedback tensors.
W0000 00:00:1780490436.241479   48942 inference_feedback_manager.cc:114] Feedback manager requires a model with a single signature inference. Disabling support for feedback tensors.
W0000 00:00:1780490436.254051   48934 landmark_projection_calculator.cc:186] Using NORM_RECT without IMAGE_DIMENSIONS is only supported for the square ROI. Provide IMAGE_DIMENSIONS or use PROJECTION_MATRIX.
INFO:     Waiting for application shutdown.
INFO:     Application shutdown complete.
INFO:     Finished server process [2753]
